// Vitest Snapshot v1, https://vitest.dev/guide/snapshot.html

exports[`App > should render 1`] = `<App />`;
